AR datapath datapath "C:/Users/C16Alex.Sisco/Documents/ISE Projects/PRISM_Sisco/Datapath_shell.vhd" sub00/vhpl03 1397148402
EN datapath NULL "C:/Users/C16Alex.Sisco/Documents/ISE Projects/PRISM_Sisco/Datapath_shell.vhd" sub00/vhpl02 1397148401
AR alu alu "C:/Users/C16Alex.Sisco/Documents/ISE Projects/PRISM_Sisco/ALU_shell.vhd" sub00/vhpl01 1397148400
EN alu NULL "C:/Users/C16Alex.Sisco/Documents/ISE Projects/PRISM_Sisco/ALU_shell.vhd" sub00/vhpl00 1397148399
